Script started on Sat 18 Apr 2015 11:53:37 PM PDT
~
masfo001@hammer $ cd cs100
~/cs100
masfo001@hammer $ cd rshell
~/cs100/rshell
masfo001@hammer $ make
mkdir bin
g++ -Wall -Werror -ansi -pedantic src/main.cpp -o bin/rshell
~/cs100/rshell
masfo001@hammer $ bin/rshell
masfo001@hammer.cs.ucr.edu$ #Opened rshell
masfo001@hammer.cs.ucr.edu$ #Testing commenting
masfo001@hammer.cs.ucr.edu$ #
masfo001@hammer.cs.ucr.edu$ ##
masfo001@hammer.cs.ucr.edu$ # # #
masfo001@hammer.cs.ucr.edu$ ########
masfo001@hammer.cs.ucr.edu$ #Testing single commandss
masfo001@hammer.cs.ucr.edu$ ls
bin  LICENSE  makefile	README.md  src	test
masfo001@hammer.cs.ucr.edu$ pwd
/home/csmajs/masfo001/cs100/rshell
masfo001@hammer.cs.ucr.edu$ ps
  PID TTY          TIME CMD
 7781 pts/40   00:00:00 bash
 7827 pts/40   00:00:00 rshell
 7927 pts/40   00:00:00 ps
masfo001@hammer.cs.ucr.edu$ clear
[H[2Jmasfo001@hammer.cs.ucr.edu$ #Testing single commands with spaces
masfo001@hammer.cs.ucr.edu$        ls
bin  LICENSE  makefile	README.md  src	test
masfo001@hammer.cs.ucr.edu$                pwd
/home/csmajs/masfo001/cs100/rshell
masfo001@hammer.cs.ucr.edu$                            ps
  PID TTY          TIME CMD
 7781 pts/40   00:00:00 bash
 7827 pts/40   00:00:00 rshell
 7989 pts/40   00:00:00 ps
masfo001@hammer.cs.ucr.edu$ #Testing single commands with comments
masfo001@hammer.cs.ucr.edu$ ls #hello
bin  LICENSE  makefile	README.md  src	test
masfo001@hammer.cs.ucr.edu$              pwd          #hello
/home/csmajs/masfo001/cs100/rshell
masfo001@hammer.cs.ucr.edu$ pwd ########exit
/home/csmajs/masfo001/cs100/rshell
masfo001@hammer.cs.ucr.edu$ #Testing single commands with flags/arguments
masfo001@hammer.cs.ucr.edu$ ls -a
.  ..  bin  .git  LICENSE  makefile  README.md	src  test
masfo001@hammer.cs.ucr.edu$ ls -R
.:
bin  LICENSE  makefile	README.md  src	test

./bin:
rshell

./src:
main.cpp

./test:
exec.script
masfo001@hammer.cs.ucr.edu$ echo hello world
hello world
masfo001@hammer.cs.ucr.edu$ echo hello worll d, this is my shell
hello world, this is my shell
masfo001@hammer.cs.ucr.edu$ ls            -  a
.  ..  bin  .git  LICENSE  makefile  README.md	src  test
masfo001@hammer.cs.ucr.edu$      ls -l
total 24
drwx------ 2 masfo001 csmajs 4096 Apr 18 23:48 bin
-rw------- 1 masfo001 csmajs 1068 Apr  9 21:24 LICENSE
-rw------- 1 masfo001 csmajs  116 Apr 18 23:43 makefile
-rw------- 1 masfo001 csmajs 1498 Apr 18 23:43 README.md
drwx------ 2 masfo001 csmajs 4096 Apr 18 23:43 src
drwx------ 2 masfo001 csmajs 4096 Apr 18 23:47 test
masfo001@hammer.cs.ucr.edu$ echo good #job
good
masfo001@hammer.cs.ucr.edu$ #Testing connectors with core rect syntax
masfo001@hammer.cs.ucr.edu$ ls ; pwd
bin  LICENSE  makefile	README.md  src	test
/home/csmajs/masfo001/cs100/rshell
masfo001@hammer.cs.ucr.edu$ date || cal
Sat Apr 18 23:59:02 PDT 2015
masfo001@hammer.cs.ucr.edu$ cal || date
     April 2015     
Su Mo Tu We Th Fr Sa
          1  2  3  4
 5  6  7  8  9 10 11
12 13 14 15 16 17 [7m18[m
19 20 21 22 23 24 25
26 27 28 29 30

masfo001@hammer.cs.ucr.edu$ ls -a && echo nicely done
.  ..  bin  .git  LICENSE  makefile  README.md	src  test
nicely done
masfo001@hammer.cs.ucr.edu$ #Testing n multiple connectors with correct syntax
masfo001@hammer.cs.ucr.edu$ ls ; ls -a ; pwd
bin  LICENSE  makefile	README.md  src	test
.  ..  bin  .git  LICENSE  makefile  README.md	src  test
/home/csmajs/masfo001/cs100/rshell
masfo001@hammer.cs.ucr.edu$ hello || echo what && echo are && echo you && fail ; echo doing
There was an error in execvp.: No such file or directory
what
are
you
There was an error in execvp.: No such file or directory
doing
masfo001@hammer.cs.ucr.edu$ #Testing to prove syntax error detection
masfo001@hammer.cs.ucr.edu$ ls ;;;
No arguments before connector: Success
masfo001@hammer.cs.ucr.edu$ ls &: ;|
Syntax error. Improper use of connectors.: Success
masfo001@hammer.cs.ucr.edu$ pwd |;&
Syntax error. Improper use of connectors.: Success
masfo001@hammer.cs.ucr.edu$ pwd ||| ls
Syntax error. Improper use of connectors.: Success
masfo001@hammer.cs.ucr.edu$ hello && hello &&& echo nice
Syntax error. Improper use of connectors.: Success
masfo001@hammer.cs.ucr.edu$ fail ;
There was an error in execvp.: No such file or directory
There was an error in execvp.: No such file or directory
masfo001@hammer.cs.ucr.edu$ ls &      & ps
bin  LICENSE  makefile	README.md  src	test
  PID TTY          TIME CMD
 7781 pts/40   00:00:00 bash
 7827 pts/40   00:00:00 rshell
 9794 pts/40   00:00:00 ps
masfo001@hammer.cs.ucr.edu$ pwd |      | ls
/home/csmajs/masfo001/cs100/rshell
masfo001@hammer.cs.ucr.edu$ #Running rshell in rshell
masfo001@hammer.cs.ucr.edu$ bin/rshell
masfo001@hammer.cs.ucr.edu$ echo im in another rshell
im in another rshell
masfo001@hammer.cs.ucr.edu$ ps
  PID TTY          TIME CMD
 7781 pts/40   00:00:00 bash
 7827 pts/40   00:00:00 rshell
 9853 pts/40   00:00:00 rshell
 9884 pts/40   00:00:00 ps
masfo001@hammer.cs.ucr.edu$ echo notice 2 rshells
notice 2 rshells
masfo001@hammer.cs.ucr.edu$ this || echo thissss
There was an error in execvp.: No such file or directory
thissss
masfo001@hammer.cs.ucr.edu$ #Exiting inner rshell
masfo001@hammer.cs.ucr.edu$ exit
ending session...good-bye!
masfo001@hammer.cs.ucr.edu$ #Exiting main rshell
masfo001@hammer.cs.ucr.edu$ exit
ending session...good-bye!
~/cs100/rshell
masfo001@hammer $ #End of scri[K[Kpt
~/cs100/rshell
masfo001@hammer $ exit
exit

Script done on Sun 19 Apr 2015 12:05:28 AM PDT
